STEP 1: CHECK PRIMARY & STANDBY DATABASE STATUS:
SQL> select db_unique_name,OPEN_MODE,DATABASE_ROLE from v$database;

STEP 2 : CHECK ARCHIVE SEQUENCES on PRIMARY & STANDBY:

SQL> archive log list
SQL> ALTER SESSION SET nls_date_format='DD-MON-YYYY HH24:MI:SS';
SQL> SELECT sequence#, first_time, next_time, applied FROM v$archived_log ORDER BY sequence#;


prepare environment with a gap.

1: Stop MRP on standby
alter database recover managed standby database cancel;

2: generate 5 archive logs on primary.

begin
for i in 1..5
loop
execute immediate 'alter system switch logfile';
end loop;
end;
/

archive log list;

3:delete latest 2 archive logs from standby and primary.
rm o1_mf_1_199_m0l0f6kc_.arc  o1_mf_1_200_m0l0fcxp_.arc
rm o1_mf_1_199_m0l0f6ps_.arc o1_mf_1_200_m0l0fd1x_.arc

4: disable log shipping on primary
alter system set log_archive_dest_state_2=DEFER scope=both sid='*';

5:start MRP and monitor alert logs of primary.
alter database recover managed standby database disconnect from session;

##below is part of alert log.
Error opening /u01/app/oracle/fast_recovery_area/PRODDBS/archivelog/2024_03_31/o1_mf_1_199_m0l0f6ps_.arc
Attempting refetch
PR00 (PID:15215): Media Recovery Waiting for T-1.S-199
PR00 (PID:15215): Fetching gap from T-1.S-199 to T-1.S-199
2024-03-31T12:01:48.353799+05:30
Completed: alter database recover managed standby database disconnect from session
2024-03-31T12:02:08.532703+05:30
PR00 (PID:15215): Error 12154 received logging on to the standby
PR00 (PID:15215): FAL: Error 12154 connecting to PRODDB for fetching gap sequence


6: enable log shipping and switch 5 more logs check if the next logs are getting shipped.

alter system set log_archive_dest_state_2=ENABLE scope=both sid='*';

begin
for i in 1..5
loop
execute immediate 'alter system switch logfile';
end loop;
end;
/

7: check if the gap can be resolved

set lines 200
col DESTINATION for a30
col ERROR for a50
select DESTINATION,TYPE,ARCHIVED_THREAD#,APPLIED_SEQ#,ARCHIVED_SEQ#,GAP_STATUS,error from v$archive_dest_status where DEST_ID=2;

You can see unresolvable gap.


STEP 3: CANCEL RECOVERY ON STANDBY:
SQL> alter database recover managed standby database cancel;


STEP 4: MAKE SURE YOUR STANDBY DB IN MOUNT STATE( NEED TO SHUTDOWN IF IT IS ACTIVE DATAGUARD):
SQL> shutdown immediate;
SQL> startup mount;

 select member from v$logfile;
 
STEP 5: RECOVER STANDBY USING SERVICE:
$rman target /
RMAN>recover database from service testdb noredo using compressed backupset;


STEP 6: RESTORE STANDBY CONTROLFILE IN NOMOUNT STAGE:
RMAN>shutdown immediate;
RMAN>startup nomount;
RMAN> restore standby controlfile from service testdb;
RMAN> alter database mount;

STEP 7: Update the names of the data files and the temp files in the standby control file:
RMAN>catalog start with '<path where the actual standby datafile existed>';
For Example:
RMAN>catalog start with '/u01/app/oracle/oradata/TESTDBS';
RMAN>switch database to copy;

STEP 8: RUN RECOVER DATABASE(IN STANDBY - NOT Mandatory):
RMAN>RECOVER DATABASE;

select member from v$logfile;

alter system set standby_file_management = manual scope = both;

STEP 9: rename all redologs:

alter database rename file '/u01/app/oracle/oradata/PRODDB/onlinelog/o1_mf_3_lzt01f8p_.log'             to '/u01/app/oracle/oradata/PRODDBS/onlinelog/o1_mf_3_m0l9326z_.log'             ;
alter database rename file '/u01/app/oracle/fast_recovery_area/PRODDB/onlinelog/o1_mf_3_lzt01g97_.log'  to '/u01/app/oracle/fast_recovery_area/PRODDBS/onlinelog/o1_mf_3_m0l93295_.log'  ;
alter database rename file '/u01/app/oracle/oradata/PRODDB/onlinelog/o1_mf_2_lzt01f7r_.log'             to '/u01/app/oracle/oradata/PRODDBS/onlinelog/o1_mf_2_m0l931sc_.log'             ;
alter database rename file '/u01/app/oracle/fast_recovery_area/PRODDB/onlinelog/o1_mf_2_lzt01g4o_.log'  to '/u01/app/oracle/fast_recovery_area/PRODDBS/onlinelog/o1_mf_2_m0l931vv_.log'  ;
alter database rename file '/u01/app/oracle/oradata/PRODDB/onlinelog/o1_mf_1_lzt01f71_.log'             to '/u01/app/oracle/oradata/PRODDBS/onlinelog/o1_mf_1_m0l931d7_.log'             ;
alter database rename file '/u01/app/oracle/fast_recovery_area/PRODDB/onlinelog/o1_mf_1_lzt01g5l_.log'  to '/u01/app/oracle/fast_recovery_area/PRODDBS/onlinelog/o1_mf_1_m0l931go_.log'  ;
alter database rename file '/u01/app/oracle/oradata/PRODDB/onlinelog/redo08.log'                        to '/u01/app/oracle/oradata/PRODDBS/onlinelog/o1_mf_8_m0l932nb_.log'             ;
alter database rename file '/u01/app/oracle/oradata/PRODDB/onlinelog/redo09.log'                        to '/u01/app/oracle/oradata/PRODDBS/onlinelog/o1_mf_9_m0l9335p_.log'             ;
alter database rename file '/u01/app/oracle/oradata/PRODDB/onlinelog/redo10.log'                        to '/u01/app/oracle/oradata/PRODDBS/onlinelog/o1_mf_10_m0l933r5_.log'            ;

alter system set standby_file_management = AUTO scope = both;

SQL> ALTER DATABASE RECOVER MANAGED STANDBY DATABASE disconnect from session;

check sync b/w primary and standby:

SELECT sequence#, first_time, next_time, applied FROM v$archived_log ORDER BY sequence#;
